[Licensing::Module] Trying to connect to existing licensing client channel...
Built from '6000.2/staging' branch; Version is '6000.2.5f1 (43d04cd1df69) revision 4444236'; Using compiler version '194234433'; Build Type 'Release'
[Licensing::IpcConnector] Successfully connected to: "LicenseClient-B" at "2025-09-28T09:13:40.6171534Z"
OS: 'Windows 11  (10.0.26100) 64bit Core' Language: 'he' Physical Memory: 16227 MB
BatchMode: 1, IsHumanControllingUs: 0, StartBugReporterOnCrash: 0, Is64bit: 1
Date: 2025-09-28T09:13:40Z

COMMAND LINE ARGUMENTS:
C:\Program Files\Unity\Hub\Editor\6000.2.5f1\Editor\Unity.exe
-adb2
-batchMode
-noUpm
-name
AssetImportWorker0
-projectPath
C:/Work/Unity/TheCubeMaster
-logFile
Logs/AssetImportWorker0.log
-srvPort
49794
-job-worker-count
9
-background-job-worker-count
8
-gc-helper-count
1
-name
AssetImport
Successfully changed project path to: C:/Work/Unity/TheCubeMaster
C:/Work/Unity/TheCubeMaster
[UnityMemory] Configuration Parameters - Can be set up in boot.config
    "memorysetup-allocator-temp-initial-block-size-main=262144"
    "memorysetup-allocator-temp-initial-block-size-worker=262144"
    "memorysetup-bucket-allocator-granularity=16"
    "memorysetup-bucket-allocator-bucket-count=8"
    "memorysetup-bucket-allocator-block-size=33554432"
    "memorysetup-bucket-allocator-block-count=8"
    "memorysetup-main-allocator-block-size=16777216"
    "memorysetup-thread-allocator-block-size=16777216"
    "memorysetup-gfx-main-allocator-block-size=16777216"
    "memorysetup-gfx-thread-allocator-block-size=16777216"
    "memorysetup-cache-allocator-block-size=4194304"
    "memorysetup-typetree-allocator-block-size=2097152"
    "memorysetup-profiler-bucket-allocator-granularity=16"
    "memorysetup-profiler-bucket-allocator-bucket-count=8"
    "memorysetup-profiler-bucket-allocator-block-size=33554432"
    "memorysetup-profiler-bucket-allocator-block-count=8"
    "memorysetup-profiler-allocator-block-size=16777216"
    "memorysetup-profiler-editor-allocator-block-size=1048576"
    "memorysetup-temp-allocator-size-main=16777216"
    "memorysetup-job-temp-allocator-block-size=2097152"
    "memorysetup-job-temp-allocator-block-size-background=1048576"
    "memorysetup-job-temp-allocator-reduction-small-platforms=262144"
    "memorysetup-temp-allocator-size-background-worker=32768"
    "memorysetup-temp-allocator-size-job-worker=262144"
    "memorysetup-temp-allocator-size-preload-manager=33554432"
    "memorysetup-temp-allocator-size-nav-mesh-worker=65536"
    "memorysetup-temp-allocator-size-audio-worker=65536"
    "memorysetup-temp-allocator-size-cloud-worker=32768"
    "memorysetup-temp-allocator-size-gi-baking-worker=262144"
    "memorysetup-temp-allocator-size-gi-baking-worker=262144"
    "memorysetup-temp-allocator-size-gi-baking-worker=262144"
    "memorysetup-temp-allocator-size-gi-baking-worker=262144"
    "memorysetup-temp-allocator-size-gi-baking-worker=262144"
    "memorysetup-temp-allocator-size-gfx=262144"
Player connection [28040]  Target information:

Player connection [28040]  * "[IP] 192.168.20.8 [Port] 0 [Flags] 2 [Guid] 4270062195 [EditorId] 4270062195 [Version] 1048832 [Id] WindowsEditor(7,HangashaPC3) [Debug] 1 [PackageName] WindowsEditor [ProjectName] Editor" 

Player connection [28040] Host joined multi-casting on [225.0.0.222:54997]...
Player connection [28040] Host joined alternative multi-casting on [225.0.0.222:34997]...
JobSystem: Creating JobQueue using job-worker-count value 9
Input System module state changed to: Initialized.
[Physics::Module] Initialized fallback backend.
[Physics::Module] Id: 0xdecafbad
[Licensing::Client] Code 10 while verifying Licensing Client signature (process Id: 16392, path: "C:/Program Files/Unity Hub/UnityLicensingClient_V1/Unity.Licensing.Client.exe")
[Licensing::Module] LicensingClient has failed validation; ignoring
[Licensing::Client] Error: HandshakeResponse reported an error:
	ResponseCode: 505
	ResponseStatus: Unsupported protocol version '1.17.2'.
[Licensing::Module] Error: Failed to handshake to channel: "LicenseClient-B"
[Licensing::IpcConnector] LicenseClient-B channel disconnected successfully.
[Licensing::IpcConnector] Successfully connected to: "LicenseClient-B-6000.2.5" at "2025-09-28T09:13:40.6514628Z"
[Licensing::Client] Code 10 while verifying Licensing Client signature (process Id: 28200, path: "C:/Program Files/Unity/Hub/Editor/6000.2.5f1/Editor/Data/Resources/Licensing/Client/Unity.Licensing.Client.exe")
[Licensing::Module] LicensingClient has failed validation; ignoring
[Licensing::Client] Handshaking with LicensingClient:
  Version:                 1.17.2+ff71f16
  Session Id:              9aad7826d95140dca6b0cb016c532a1f
  Correlation Id:          d02c194a209ec3385ca54c4951fb4500
  External correlation Id: 3204550256554266437
  Machine Id:              lBzIHGT6V3Ad16mGxSMPaMIfeiU=
[Licensing::Module] Successfully connected to LicensingClient on channel: "LicenseClient-B-6000.2.5" (connect: 0.00s, validation: 0.00s, handshake: 0.00s)
[Licensing::IpcConnector] Successfully connected to: "LicenseClient-B-6000.2.5-notifications" at "2025-09-28T09:13:40.657972Z"
[Licensing::Module] Licensing Background thread has ended after 0.04s
Library Redirect Path: Library/
[Physics::Module] Selected backend.
[Physics::Module] Name: PhysX
[Physics::Module] Id: 0xf2b8ea05
[Physics::Module] SDK Version: 4.1.2
[Physics::Module] Integration Version: 1.0.0
[Physics::Module] Threading Mode: Multi-Threaded
Refreshing native plugins compatible for Editor in 1.68 ms, found 3 plugins.
Preloading 0 native plugins for Editor in 0.00 ms.
Initialize engine version: 6000.2.5f1 (43d04cd1df69)
[Subsystems] Discovering subsystems at path C:/Program Files/Unity/Hub/Editor/6000.2.5f1/Editor/Data/Resources/UnitySubsystems
[Subsystems] Discovering subsystems at path C:/Work/Unity/TheCubeMaster/Assets
GfxDevice: creating device client; kGfxThreadingModeNonThreaded
d3d12: failed to query info queue interface (0x80004002).
Direct3D:
    Version:         Direct3D 12 [level 12.1]
    Renderer:        NVIDIA GeForce RTX 3060 (ID=0x2504)
    Vendor:          NVIDIA
    VRAM:            12143 MB
    App VRAM Budget: 11375 MB
    Driver:          30.0.14.7280
Initialize mono
Mono path[0] = 'C:/Program Files/Unity/Hub/Editor/6000.2.5f1/Editor/Data/Managed'
Mono path[1] = 'C:/Program Files/Unity/Hub/Editor/6000.2.5f1/Editor/Data/MonoBleedingEdge/lib/mono/unityjit-win32'
Mono config path = 'C:/Program Files/Unity/Hub/Editor/6000.2.5f1/Editor/Data/MonoBleedingEdge/etc'
Using monoOptions --debugger-agent=transport=dt_socket,embedding=1,server=y,suspend=n,address=127.0.0.1:56872
Begin MonoManager ReloadAssembly
Registering precompiled unity dll's ...
Register platform support module: C:/Program Files/Unity/Hub/Editor/6000.2.5f1/Editor/Data/PlaybackEngines/WindowsStandaloneSupport/UnityEditor.WindowsStandalone.Extensions.dll
Registered in 0.001328 seconds.
- Loaded All Assemblies, in  0.304 seconds
Native extension for WindowsStandalone target not found
Mono: successfully reloaded assembly
- Finished resetting the current domain, in  0.332 seconds
Domain Reload Profiling: 635ms
	BeginReloadAssembly (109ms)
		ExecutionOrderSort (0ms)
		DisableScriptedObjects (0ms)
		BackupInstance (0ms)
		ReleaseScriptingObjects (0ms)
		CreateAndSetChildDomain (1ms)
	RebuildCommonClasses (27ms)
	RebuildNativeTypeToScriptingClass (9ms)
	initialDomainReloadingComplete (35ms)
	LoadAllAssembliesAndSetupDomain (123ms)
		LoadAssemblies (107ms)
		RebuildTransferFunctionScriptingTraits (0ms)
		AnalyzeDomain (121ms)
			TypeCache.Refresh (120ms)
				TypeCache.ScanAssembly (108ms)
			BuildScriptInfoCaches (0ms)
			ResolveRequiredComponents (0ms)
	FinalizeReload (332ms)
		ReleaseScriptCaches (0ms)
		RebuildScriptCaches (0ms)
		SetupLoadedEditorAssemblies (291ms)
			LogAssemblyErrors (0ms)
			InitializePlatformSupportModulesInManaged (37ms)
			SetLoadedEditorAssemblies (4ms)
			BeforeProcessingInitializeOnLoad (54ms)
			ProcessInitializeOnLoadAttributes (146ms)
			ProcessInitializeOnLoadMethodAttributes (49ms)
			AfterProcessingInitializeOnLoad (0ms)
			EditorAssembliesLoaded (0ms)
		ExecutionOrderSort2 (0ms)
		AwakeInstancesAfterBackupRestoration (0ms)
========================================================================
Worker process is ready to serve import requests
Import Worker Mode flag is 0x00
Begin MonoManager ReloadAssembly
[Licensing::Client] Successfully resolved entitlement details
[Licensing::Module] License group:
  Id: 18968330778045-UnityPersXXXX
  Product: Unity Personal
  Type: Assigned
  Expiration: Unlimited
- Loaded All Assemblies, in  0.867 seconds
Refreshing native plugins compatible for Editor in 1.99 ms, found 3 plugins.
Native extension for WindowsStandalone target not found
Package Manager log level set to [2]
[Package Manager] Failed to launch server process. Reason: Unity was launched with the -noUpm command-line argument
[Package Manager] Unable to send message (not connected to server process).
[Package Manager] Cannot connect to Unity Package Manager local server
Mono: successfully reloaded assembly
- Finished resetting the current domain, in  0.845 seconds
Domain Reload Profiling: 1710ms
	BeginReloadAssembly (257ms)
		ExecutionOrderSort (0ms)
		DisableScriptedObjects (10ms)
		BackupInstance (0ms)
		ReleaseScriptingObjects (0ms)
		CreateAndSetChildDomain (56ms)
	RebuildCommonClasses (36ms)
	RebuildNativeTypeToScriptingClass (11ms)
	initialDomainReloadingComplete (34ms)
	LoadAllAssembliesAndSetupDomain (527ms)
		LoadAssemblies (460ms)
		RebuildTransferFunctionScriptingTraits (0ms)
		AnalyzeDomain (200ms)
			TypeCache.Refresh (152ms)
				TypeCache.ScanAssembly (136ms)
			BuildScriptInfoCaches (35ms)
			ResolveRequiredComponents (9ms)
	FinalizeReload (845ms)
		ReleaseScriptCaches (0ms)
		RebuildScriptCaches (0ms)
		SetupLoadedEditorAssemblies (652ms)
			LogAssemblyErrors (0ms)
			InitializePlatformSupportModulesInManaged (1ms)
			SetLoadedEditorAssemblies (6ms)
			BeforeProcessingInitializeOnLoad (170ms)
			ProcessInitializeOnLoadAttributes (413ms)
			ProcessInitializeOnLoadMethodAttributes (58ms)
			AfterProcessingInitializeOnLoad (4ms)
			EditorAssembliesLoaded (0ms)
		ExecutionOrderSort2 (0ms)
		AwakeInstancesAfterBackupRestoration (6ms)
Launched and connected shader compiler UnityShaderCompiler.exe after 0.02 seconds
Refreshing native plugins compatible for Editor in 0.70 ms, found 3 plugins.
Preloading 0 native plugins for Editor in 0.00 ms.
Unloading 13 Unused Serialized files (Serialized files now loaded: 0)
Unloading 6149 unused Assets / (4.6 MB). Loaded Objects now: 6863.
Memory consumption went from 137.1 MB to 132.5 MB.
Total: 9.143800 ms (FindLiveObjects: 0.699400 ms CreateObjectMapping: 0.585600 ms MarkObjects: 4.856000 ms  DeleteObjects: 3.001500 ms)

========================================================================
Received Import Request.
  Time since last request: 643442.279402 seconds.
  path: Assets/Scripts/Factory/PickupFactory.cs
  artifactKey: Guid(83df3bf5aff59644ab0ce0be72d9d2a2) Importer(815301076,1909f56bfc062723c751e8b465ee728b)
Start importing Assets/Scripts/Factory/PickupFactory.cs using Guid(83df3bf5aff59644ab0ce0be72d9d2a2) Importer(815301076,1909f56bfc062723c751e8b465ee728b) (PreviewImporter) -> (artifact id: '963d8f3f6d707db046c86acd261cc20d') in 0.0091752 seconds
Number of updated asset objects reloaded before import = 0Number of asset objects unloaded after import = 0

========================================================================
Received Prepare
Refreshing native plugins compatible for Editor in 1.68 ms, found 3 plugins.
Preloading 0 native plugins for Editor in 0.00 ms.
Unloading 13 Unused Serialized files (Serialized files now loaded: 0)
Unloading 6138 unused Assets / (3.1 MB). Loaded Objects now: 6865.
Memory consumption went from 138.3 MB to 135.2 MB.
Total: 229.958300 ms (FindLiveObjects: 4.596200 ms CreateObjectMapping: 0.775200 ms MarkObjects: 220.302200 ms  DeleteObjects: 4.278900 ms)

Prepare: number of updated asset objects reloaded= 0
========================================================================
Received Prepare
Begin MonoManager ReloadAssembly
[Licensing::Client] Successfully resolved entitlement details
- Loaded All Assemblies, in  4.643 seconds
Refreshing native plugins compatible for Editor in 1.60 ms, found 3 plugins.
Native extension for WindowsStandalone target not found
[Package Manager] Failed to launch server process. Reason: Unity was launched with the -noUpm command-line argument
[Package Manager] Unable to send message (not connected to server process).
[Package Manager] Cannot connect to Unity Package Manager local server
Mono: successfully reloaded assembly
- Finished resetting the current domain, in  1.215 seconds
Domain Reload Profiling: 5855ms
	BeginReloadAssembly (1212ms)
		ExecutionOrderSort (0ms)
		DisableScriptedObjects (64ms)
		BackupInstance (0ms)
		ReleaseScriptingObjects (2ms)
		CreateAndSetChildDomain (332ms)
	RebuildCommonClasses (189ms)
	RebuildNativeTypeToScriptingClass (24ms)
	initialDomainReloadingComplete (48ms)
	LoadAllAssembliesAndSetupDomain (3166ms)
		LoadAssemblies (3465ms)
		RebuildTransferFunctionScriptingTraits (0ms)
		AnalyzeDomain (263ms)
			TypeCache.Refresh (28ms)
				TypeCache.ScanAssembly (1ms)
			BuildScriptInfoCaches (205ms)
			ResolveRequiredComponents (16ms)
	FinalizeReload (1216ms)
		ReleaseScriptCaches (0ms)
		RebuildScriptCaches (0ms)
		SetupLoadedEditorAssemblies (908ms)
			LogAssemblyErrors (0ms)
			InitializePlatformSupportModulesInManaged (2ms)
			SetLoadedEditorAssemblies (7ms)
			BeforeProcessingInitializeOnLoad (296ms)
			ProcessInitializeOnLoadAttributes (518ms)
			ProcessInitializeOnLoadMethodAttributes (78ms)
			AfterProcessingInitializeOnLoad (6ms)
			EditorAssembliesLoaded (0ms)
		ExecutionOrderSort2 (0ms)
		AwakeInstancesAfterBackupRestoration (21ms)
Refreshing native plugins compatible for Editor in 1.95 ms, found 3 plugins.
Preloading 0 native plugins for Editor in 0.00 ms.
Unloading 13 Unused Serialized files (Serialized files now loaded: 0)
Unloading 6145 unused Assets / (2.7 MB). Loaded Objects now: 6880.
Memory consumption went from 146.5 MB to 143.8 MB.
Total: 13.463700 ms (FindLiveObjects: 1.249900 ms CreateObjectMapping: 0.570600 ms MarkObjects: 9.480800 ms  DeleteObjects: 2.161100 ms)

Prepare: number of updated asset objects reloaded= 0
========================================================================
Received Prepare
Refreshing native plugins compatible for Editor in 2.82 ms, found 3 plugins.
Preloading 0 native plugins for Editor in 0.00 ms.
Unloading 13 Unused Serialized files (Serialized files now loaded: 0)
Unloading 6138 unused Assets / (3.6 MB). Loaded Objects now: 6880.
Memory consumption went from 149.0 MB to 145.3 MB.
Total: 47.075300 ms (FindLiveObjects: 1.967500 ms CreateObjectMapping: 0.822900 ms MarkObjects: 42.100300 ms  DeleteObjects: 2.183000 ms)

Prepare: number of updated asset objects reloaded= 0
========================================================================
Received Prepare
Refreshing native plugins compatible for Editor in 3.06 ms, found 3 plugins.
Preloading 0 native plugins for Editor in 0.00 ms.
Unloading 13 Unused Serialized files (Serialized files now loaded: 0)
Unloading 6138 unused Assets / (4.1 MB). Loaded Objects now: 6880.
Memory consumption went from 151.3 MB to 147.2 MB.
Total: 17.341600 ms (FindLiveObjects: 1.626400 ms CreateObjectMapping: 0.973700 ms MarkObjects: 10.994400 ms  DeleteObjects: 3.744200 ms)

Prepare: number of updated asset objects reloaded= 0
========================================================================
Received Prepare
Refreshing native plugins compatible for Editor in 5.84 ms, found 3 plugins.
Preloading 0 native plugins for Editor in 0.00 ms.
Unloading 13 Unused Serialized files (Serialized files now loaded: 0)
Unloading 6138 unused Assets / (5.2 MB). Loaded Objects now: 6880.
Memory consumption went from 153.6 MB to 148.4 MB.
Total: 14.626200 ms (FindLiveObjects: 1.540100 ms CreateObjectMapping: 1.122800 ms MarkObjects: 7.089400 ms  DeleteObjects: 4.872500 ms)

Prepare: number of updated asset objects reloaded= 0
========================================================================
Received Prepare
Refreshing native plugins compatible for Editor in 2.52 ms, found 3 plugins.
Preloading 0 native plugins for Editor in 0.00 ms.
Unloading 13 Unused Serialized files (Serialized files now loaded: 0)
Unloading 6138 unused Assets / (3.7 MB). Loaded Objects now: 6880.
Memory consumption went from 155.9 MB to 152.2 MB.
Total: 81.782500 ms (FindLiveObjects: 15.545300 ms CreateObjectMapping: 8.794500 ms MarkObjects: 41.814700 ms  DeleteObjects: 15.623200 ms)

Prepare: number of updated asset objects reloaded= 0
========================================================================
Received Prepare
Refreshing native plugins compatible for Editor in 2.15 ms, found 3 plugins.
Preloading 0 native plugins for Editor in 0.00 ms.
Unloading 13 Unused Serialized files (Serialized files now loaded: 0)
Unloading 6138 unused Assets / (4.7 MB). Loaded Objects now: 6880.
Memory consumption went from 158.2 MB to 153.5 MB.
Total: 52.593800 ms (FindLiveObjects: 1.233600 ms CreateObjectMapping: 0.882200 ms MarkObjects: 38.040500 ms  DeleteObjects: 12.435200 ms)

Prepare: number of updated asset objects reloaded= 0
========================================================================
Received Prepare
Refreshing native plugins compatible for Editor in 1.55 ms, found 3 plugins.
Preloading 0 native plugins for Editor in 0.00 ms.
Unloading 13 Unused Serialized files (Serialized files now loaded: 0)
Unloading 6138 unused Assets / (2.1 MB). Loaded Objects now: 6880.
Memory consumption went from 160.5 MB to 158.4 MB.
Total: 41.462700 ms (FindLiveObjects: 1.172000 ms CreateObjectMapping: 0.897900 ms MarkObjects: 35.990100 ms  DeleteObjects: 3.399900 ms)

Prepare: number of updated asset objects reloaded= 0
========================================================================
Received Prepare
Refreshing native plugins compatible for Editor in 1.25 ms, found 3 plugins.
Preloading 0 native plugins for Editor in 0.00 ms.
Unloading 13 Unused Serialized files (Serialized files now loaded: 0)
Unloading 6138 unused Assets / (3.0 MB). Loaded Objects now: 6880.
Memory consumption went from 162.8 MB to 159.8 MB.
Total: 9.506700 ms (FindLiveObjects: 0.869800 ms CreateObjectMapping: 0.544500 ms MarkObjects: 5.998600 ms  DeleteObjects: 2.092400 ms)

Prepare: number of updated asset objects reloaded= 0
========================================================================
Received Prepare
Refreshing native plugins compatible for Editor in 9.92 ms, found 3 plugins.
Preloading 0 native plugins for Editor in 0.00 ms.
Unloading 13 Unused Serialized files (Serialized files now loaded: 0)
Unloading 6138 unused Assets / (5.4 MB). Loaded Objects now: 6880.
Memory consumption went from 165.1 MB to 159.7 MB.
Total: 33.792500 ms (FindLiveObjects: 1.380700 ms CreateObjectMapping: 0.664400 ms MarkObjects: 26.447000 ms  DeleteObjects: 5.297700 ms)

Prepare: number of updated asset objects reloaded= 0
========================================================================
Received Prepare
Refreshing native plugins compatible for Editor in 2.40 ms, found 3 plugins.
Preloading 0 native plugins for Editor in 0.00 ms.
Unloading 13 Unused Serialized files (Serialized files now loaded: 0)
Unloading 6138 unused Assets / (2.1 MB). Loaded Objects now: 6880.
Memory consumption went from 167.4 MB to 165.3 MB.
Total: 10.551700 ms (FindLiveObjects: 0.965200 ms CreateObjectMapping: 0.521400 ms MarkObjects: 7.188700 ms  DeleteObjects: 1.875000 ms)

Prepare: number of updated asset objects reloaded= 0
========================================================================
Received Prepare
Refreshing native plugins compatible for Editor in 1.80 ms, found 3 plugins.
Preloading 0 native plugins for Editor in 0.00 ms.
Unloading 13 Unused Serialized files (Serialized files now loaded: 0)
Unloading 6138 unused Assets / (4.4 MB). Loaded Objects now: 6880.
Memory consumption went from 169.7 MB to 165.3 MB.
Total: 11.828900 ms (FindLiveObjects: 1.239500 ms CreateObjectMapping: 0.582200 ms MarkObjects: 6.436500 ms  DeleteObjects: 3.569200 ms)

Prepare: number of updated asset objects reloaded= 0
========================================================================
Received Prepare
Refreshing native plugins compatible for Editor in 1.26 ms, found 3 plugins.
Preloading 0 native plugins for Editor in 0.00 ms.
Unloading 13 Unused Serialized files (Serialized files now loaded: 0)
Unloading 6138 unused Assets / (3.0 MB). Loaded Objects now: 6880.
Memory consumption went from 172.0 MB to 169.0 MB.
Total: 14.765000 ms (FindLiveObjects: 2.456200 ms CreateObjectMapping: 0.692600 ms MarkObjects: 8.090600 ms  DeleteObjects: 3.522100 ms)

Prepare: number of updated asset objects reloaded= 0
========================================================================
Received Prepare
Refreshing native plugins compatible for Editor in 1.48 ms, found 3 plugins.
Preloading 0 native plugins for Editor in 0.00 ms.
Unloading 13 Unused Serialized files (Serialized files now loaded: 0)
Unloading 6138 unused Assets / (4.3 MB). Loaded Objects now: 6880.
Memory consumption went from 174.3 MB to 170.0 MB.
Total: 14.149400 ms (FindLiveObjects: 1.286400 ms CreateObjectMapping: 0.622500 ms MarkObjects: 6.756600 ms  DeleteObjects: 5.481100 ms)

Prepare: number of updated asset objects reloaded= 0
========================================================================
Received Prepare
Refreshing native plugins compatible for Editor in 2.04 ms, found 3 plugins.
Preloading 0 native plugins for Editor in 0.00 ms.
Unloading 13 Unused Serialized files (Serialized files now loaded: 0)
Unloading 6138 unused Assets / (4.1 MB). Loaded Objects now: 6880.
Memory consumption went from 176.6 MB to 172.6 MB.
Total: 39.332100 ms (FindLiveObjects: 19.800900 ms CreateObjectMapping: 3.249300 ms MarkObjects: 11.597100 ms  DeleteObjects: 4.682100 ms)

Prepare: number of updated asset objects reloaded= 0
========================================================================
Received Prepare
Refreshing native plugins compatible for Editor in 1.49 ms, found 3 plugins.
Preloading 0 native plugins for Editor in 0.00 ms.
Unloading 13 Unused Serialized files (Serialized files now loaded: 0)
Unloading 6138 unused Assets / (3.0 MB). Loaded Objects now: 6880.
Memory consumption went from 178.9 MB to 175.9 MB.
Total: 11.895900 ms (FindLiveObjects: 1.102100 ms CreateObjectMapping: 0.589500 ms MarkObjects: 6.883500 ms  DeleteObjects: 3.317100 ms)

Prepare: number of updated asset objects reloaded= 0
========================================================================
Received Prepare
Refreshing native plugins compatible for Editor in 1.57 ms, found 3 plugins.
Preloading 0 native plugins for Editor in 0.00 ms.
Unloading 13 Unused Serialized files (Serialized files now loaded: 0)
Unloading 6138 unused Assets / (4.3 MB). Loaded Objects now: 6880.
Memory consumption went from 181.2 MB to 176.9 MB.
Total: 16.834400 ms (FindLiveObjects: 1.703200 ms CreateObjectMapping: 6.280800 ms MarkObjects: 6.521000 ms  DeleteObjects: 2.326900 ms)

Prepare: number of updated asset objects reloaded= 0
========================================================================
Received Prepare
Refreshing native plugins compatible for Editor in 1.72 ms, found 3 plugins.
Preloading 0 native plugins for Editor in 0.00 ms.
Unloading 13 Unused Serialized files (Serialized files now loaded: 0)
Unloading 6138 unused Assets / (4.5 MB). Loaded Objects now: 6880.
Memory consumption went from 183.5 MB to 179.0 MB.
Total: 37.704100 ms (FindLiveObjects: 1.583400 ms CreateObjectMapping: 1.015700 ms MarkObjects: 13.052700 ms  DeleteObjects: 22.049400 ms)

Prepare: number of updated asset objects reloaded= 0
========================================================================
Received Prepare
Refreshing native plugins compatible for Editor in 1.34 ms, found 3 plugins.
Preloading 0 native plugins for Editor in 0.00 ms.
Unloading 13 Unused Serialized files (Serialized files now loaded: 0)
Unloading 6138 unused Assets / (3.0 MB). Loaded Objects now: 6880.
Memory consumption went from 185.9 MB to 182.9 MB.
Total: 15.898400 ms (FindLiveObjects: 1.567400 ms CreateObjectMapping: 2.893800 ms MarkObjects: 8.219800 ms  DeleteObjects: 3.215000 ms)

Prepare: number of updated asset objects reloaded= 0
========================================================================
Received Prepare
Refreshing native plugins compatible for Editor in 1.13 ms, found 3 plugins.
Preloading 0 native plugins for Editor in 0.00 ms.
Unloading 13 Unused Serialized files (Serialized files now loaded: 0)
Unloading 6138 unused Assets / (3.3 MB). Loaded Objects now: 6880.
Memory consumption went from 188.2 MB to 184.8 MB.
Total: 9.615500 ms (FindLiveObjects: 0.900000 ms CreateObjectMapping: 0.540500 ms MarkObjects: 5.668100 ms  DeleteObjects: 2.504700 ms)

Prepare: number of updated asset objects reloaded= 0
========================================================================
Received Prepare
Refreshing native plugins compatible for Editor in 1.45 ms, found 3 plugins.
Preloading 0 native plugins for Editor in 0.00 ms.
Unloading 13 Unused Serialized files (Serialized files now loaded: 0)
Unloading 6138 unused Assets / (5.1 MB). Loaded Objects now: 6880.
Memory consumption went from 190.5 MB to 185.4 MB.
Total: 18.752800 ms (FindLiveObjects: 1.358700 ms CreateObjectMapping: 0.718100 ms MarkObjects: 8.217200 ms  DeleteObjects: 8.456900 ms)

Prepare: number of updated asset objects reloaded= 0
========================================================================
Received Prepare
Refreshing native plugins compatible for Editor in 1.34 ms, found 3 plugins.
Preloading 0 native plugins for Editor in 0.00 ms.
Unloading 13 Unused Serialized files (Serialized files now loaded: 0)
Unloading 6137 unused Assets / (5.7 MB). Loaded Objects now: 6879.
Memory consumption went from 192.8 MB to 187.1 MB.
Total: 16.250000 ms (FindLiveObjects: 0.960200 ms CreateObjectMapping: 0.480900 ms MarkObjects: 9.508800 ms  DeleteObjects: 5.298600 ms)

Prepare: number of updated asset objects reloaded= 0
========================================================================
Received Prepare
Refreshing native plugins compatible for Editor in 0.49 ms, found 3 plugins.
Preloading 0 native plugins for Editor in 0.00 ms.
Unloading 13 Unused Serialized files (Serialized files now loaded: 0)
Unloading 6138 unused Assets / (4.1 MB). Loaded Objects now: 6880.
Memory consumption went from 195.1 MB to 190.9 MB.
Total: 6.755900 ms (FindLiveObjects: 0.678200 ms CreateObjectMapping: 0.425600 ms MarkObjects: 3.558500 ms  DeleteObjects: 2.093000 ms)

Prepare: number of updated asset objects reloaded= 0
========================================================================
Received Import Request.
  Time since last request: 12283.961008 seconds.
  path: Assets/Scripts/Factory/PickupRespawn.cs
  artifactKey: Guid(20c5ad63a21df4540ad289d68fd98b8a) Importer(815301076,1909f56bfc062723c751e8b465ee728b)
Start importing Assets/Scripts/Factory/PickupRespawn.cs using Guid(20c5ad63a21df4540ad289d68fd98b8a) Importer(815301076,1909f56bfc062723c751e8b465ee728b) (PreviewImporter) -> (artifact id: '1a96b475b5f419e9d22952d09a7a4ecd') in 0.0891606 seconds
Number of updated asset objects reloaded before import = 0Number of asset objects unloaded after import = 0

========================================================================
Received Prepare
Refreshing native plugins compatible for Editor in 1.40 ms, found 3 plugins.
Preloading 0 native plugins for Editor in 0.00 ms.
Unloading 13 Unused Serialized files (Serialized files now loaded: 0)
Unloading 6138 unused Assets / (2.6 MB). Loaded Objects now: 6880.
Memory consumption went from 144.8 MB to 142.2 MB.
Total: 12.700600 ms (FindLiveObjects: 1.318300 ms CreateObjectMapping: 1.174100 ms MarkObjects: 5.523900 ms  DeleteObjects: 4.682300 ms)

Prepare: number of updated asset objects reloaded= 0
========================================================================
Received Import Request.
  Time since last request: 83.466092 seconds.
  path: Assets/Scripts/Factory/PickupRespawn.cs
  artifactKey: Guid(20c5ad63a21df4540ad289d68fd98b8a) Importer(815301076,1909f56bfc062723c751e8b465ee728b)
Start importing Assets/Scripts/Factory/PickupRespawn.cs using Guid(20c5ad63a21df4540ad289d68fd98b8a) Importer(815301076,1909f56bfc062723c751e8b465ee728b) (PreviewImporter) -> (artifact id: '2a225cffd9ff92ddefa25f693551f38f') in 0.0157207 seconds
Number of updated asset objects reloaded before import = 0Number of asset objects unloaded after import = 0

========================================================================
Received Prepare
Refreshing native plugins compatible for Editor in 1.87 ms, found 3 plugins.
Preloading 0 native plugins for Editor in 0.00 ms.
Unloading 13 Unused Serialized files (Serialized files now loaded: 0)
Unloading 6138 unused Assets / (2.2 MB). Loaded Objects now: 6880.
Memory consumption went from 144.8 MB to 142.6 MB.
Total: 25.618200 ms (FindLiveObjects: 1.156900 ms CreateObjectMapping: 0.933800 ms MarkObjects: 20.581500 ms  DeleteObjects: 2.944200 ms)

Prepare: number of updated asset objects reloaded= 0
========================================================================
Received Prepare
Refreshing native plugins compatible for Editor in 1.36 ms, found 3 plugins.
Preloading 0 native plugins for Editor in 0.00 ms.
Unloading 13 Unused Serialized files (Serialized files now loaded: 0)
Unloading 6138 unused Assets / (4.0 MB). Loaded Objects now: 6880.
Memory consumption went from 147.1 MB to 143.1 MB.
Total: 14.237100 ms (FindLiveObjects: 1.753000 ms CreateObjectMapping: 1.567200 ms MarkObjects: 7.628100 ms  DeleteObjects: 3.287000 ms)

Prepare: number of updated asset objects reloaded= 0
========================================================================
Received Prepare
Refreshing native plugins compatible for Editor in 2.01 ms, found 3 plugins.
Preloading 0 native plugins for Editor in 0.00 ms.
Unloading 13 Unused Serialized files (Serialized files now loaded: 0)
Unloading 6138 unused Assets / (3.4 MB). Loaded Objects now: 6880.
Memory consumption went from 149.4 MB to 146.1 MB.
Total: 11.990800 ms (FindLiveObjects: 1.303900 ms CreateObjectMapping: 0.598200 ms MarkObjects: 6.548100 ms  DeleteObjects: 3.539000 ms)

Prepare: number of updated asset objects reloaded= 0
========================================================================
Received Prepare
Refreshing native plugins compatible for Editor in 1.12 ms, found 3 plugins.
Preloading 0 native plugins for Editor in 0.00 ms.
Unloading 13 Unused Serialized files (Serialized files now loaded: 0)
Unloading 6138 unused Assets / (4.4 MB). Loaded Objects now: 6880.
Memory consumption went from 151.7 MB to 147.3 MB.
Total: 11.012100 ms (FindLiveObjects: 1.130800 ms CreateObjectMapping: 0.497300 ms MarkObjects: 6.669700 ms  DeleteObjects: 2.712900 ms)

Prepare: number of updated asset objects reloaded= 0
========================================================================
Received Prepare
Refreshing native plugins compatible for Editor in 2.47 ms, found 3 plugins.
Preloading 0 native plugins for Editor in 0.00 ms.
Unloading 13 Unused Serialized files (Serialized files now loaded: 0)
Unloading 6138 unused Assets / (5.4 MB). Loaded Objects now: 6880.
Memory consumption went from 154.0 MB to 148.6 MB.
Total: 25.815000 ms (FindLiveObjects: 1.679200 ms CreateObjectMapping: 2.135600 ms MarkObjects: 8.743800 ms  DeleteObjects: 13.253000 ms)

Prepare: number of updated asset objects reloaded= 0
========================================================================
Received Prepare
Refreshing native plugins compatible for Editor in 1.34 ms, found 3 plugins.
Preloading 0 native plugins for Editor in 0.00 ms.
Unloading 13 Unused Serialized files (Serialized files now loaded: 0)
Unloading 6138 unused Assets / (3.7 MB). Loaded Objects now: 6880.
Memory consumption went from 156.3 MB to 152.5 MB.
Total: 19.835300 ms (FindLiveObjects: 1.378400 ms CreateObjectMapping: 1.174500 ms MarkObjects: 9.786600 ms  DeleteObjects: 7.492500 ms)

Prepare: number of updated asset objects reloaded= 0
========================================================================
Received Prepare
Refreshing native plugins compatible for Editor in 1.90 ms, found 3 plugins.
Preloading 0 native plugins for Editor in 0.00 ms.
Unloading 13 Unused Serialized files (Serialized files now loaded: 0)
Unloading 6138 unused Assets / (3.1 MB). Loaded Objects now: 6880.
Memory consumption went from 158.5 MB to 155.4 MB.
Total: 9.535000 ms (FindLiveObjects: 0.837300 ms CreateObjectMapping: 0.412800 ms MarkObjects: 6.081600 ms  DeleteObjects: 2.201800 ms)

Prepare: number of updated asset objects reloaded= 0
========================================================================
Received Prepare
Refreshing native plugins compatible for Editor in 1.96 ms, found 3 plugins.
Preloading 0 native plugins for Editor in 0.00 ms.
Unloading 13 Unused Serialized files (Serialized files now loaded: 0)
Unloading 6138 unused Assets / (4.3 MB). Loaded Objects now: 6880.
Memory consumption went from 160.8 MB to 156.5 MB.
Total: 13.313900 ms (FindLiveObjects: 1.213900 ms CreateObjectMapping: 0.544300 ms MarkObjects: 5.645900 ms  DeleteObjects: 5.908500 ms)

Prepare: number of updated asset objects reloaded= 0
========================================================================
Received Prepare
Refreshing native plugins compatible for Editor in 1.65 ms, found 3 plugins.
Preloading 0 native plugins for Editor in 0.00 ms.
Unloading 13 Unused Serialized files (Serialized files now loaded: 0)
Unloading 6138 unused Assets / (3.0 MB). Loaded Objects now: 6880.
Memory consumption went from 163.1 MB to 160.1 MB.
Total: 28.950900 ms (FindLiveObjects: 1.031800 ms CreateObjectMapping: 0.508400 ms MarkObjects: 25.278900 ms  DeleteObjects: 2.130100 ms)

Prepare: number of updated asset objects reloaded= 0
========================================================================
Received Prepare
Refreshing native plugins compatible for Editor in 1.75 ms, found 3 plugins.
Preloading 0 native plugins for Editor in 0.00 ms.
Unloading 13 Unused Serialized files (Serialized files now loaded: 0)
Unloading 6138 unused Assets / (4.5 MB). Loaded Objects now: 6880.
Memory consumption went from 165.4 MB to 160.9 MB.
Total: 13.445400 ms (FindLiveObjects: 1.349300 ms CreateObjectMapping: 0.763500 ms MarkObjects: 7.843900 ms  DeleteObjects: 3.485900 ms)

Prepare: number of updated asset objects reloaded= 0
========================================================================
Received Prepare
Begin MonoManager ReloadAssembly
[Licensing::Client] Successfully resolved entitlement details
- Loaded All Assemblies, in  1.561 seconds
Refreshing native plugins compatible for Editor in 0.57 ms, found 3 plugins.
Native extension for WindowsStandalone target not found
[Package Manager] Failed to launch server process. Reason: Unity was launched with the -noUpm command-line argument
[Package Manager] Unable to send message (not connected to server process).
[Package Manager] Cannot connect to Unity Package Manager local server
Mono: successfully reloaded assembly
- Finished resetting the current domain, in  0.803 seconds
Domain Reload Profiling: 2366ms
	BeginReloadAssembly (684ms)
		ExecutionOrderSort (0ms)
		DisableScriptedObjects (75ms)
		BackupInstance (0ms)
		ReleaseScriptingObjects (0ms)
		CreateAndSetChildDomain (255ms)
	RebuildCommonClasses (30ms)
	RebuildNativeTypeToScriptingClass (10ms)
	initialDomainReloadingComplete (30ms)
	LoadAllAssembliesAndSetupDomain (810ms)
		LoadAssemblies (697ms)
		RebuildTransferFunctionScriptingTraits (0ms)
		AnalyzeDomain (256ms)
			TypeCache.Refresh (39ms)
				TypeCache.ScanAssembly (2ms)
			BuildScriptInfoCaches (191ms)
			ResolveRequiredComponents (14ms)
	FinalizeReload (803ms)
		ReleaseScriptCaches (0ms)
		RebuildScriptCaches (0ms)
		SetupLoadedEditorAssemblies (648ms)
			LogAssemblyErrors (0ms)
			InitializePlatformSupportModulesInManaged (2ms)
			SetLoadedEditorAssemblies (8ms)
			BeforeProcessingInitializeOnLoad (239ms)
			ProcessInitializeOnLoadAttributes (351ms)
			ProcessInitializeOnLoadMethodAttributes (43ms)
			AfterProcessingInitializeOnLoad (3ms)
			EditorAssembliesLoaded (1ms)
		ExecutionOrderSort2 (0ms)
		AwakeInstancesAfterBackupRestoration (12ms)
Refreshing native plugins compatible for Editor in 0.62 ms, found 3 plugins.
Preloading 0 native plugins for Editor in 0.00 ms.
Unloading 13 Unused Serialized files (Serialized files now loaded: 0)
Unloading 6145 unused Assets / (5.1 MB). Loaded Objects now: 6882.
Memory consumption went from 167.3 MB to 162.3 MB.
Total: 10.209200 ms (FindLiveObjects: 1.639900 ms CreateObjectMapping: 0.516700 ms MarkObjects: 4.607700 ms  DeleteObjects: 3.443500 ms)

Prepare: number of updated asset objects reloaded= 0
